// Jest Snapshot v1, https://goo.gl/fbAQLP

exports[`buildJsonResults should support displayName template var for jest multi-project 1`] = `
Object {
  "testsuites": Array [
    Object {
      "_attr": Object {
        "failures": 0,
        "name": "jest tests",
        "tests": 2,
        "time": 1.234,
      },
    },
    Object {
      "testsuite": Array [
        Object {
          "_attr": Object {
            "errors": 0,
            "failures": 0,
            "name": "project1-foo",
            "skipped": 0,
            "tests": 1,
            "time": 0.163,
            "timestamp": "2018-02-10T14:52:31",
          },
        },
        Object {
          "testcase": Array [
            Object {
              "_attr": Object {
                "classname": "a thing should foo",
                "name": "project1-foo",
                "time": 0.003,
              },
            },
          ],
        },
      ],
    },
    Object {
      "testsuite": Array [
        Object {
          "_attr": Object {
            "errors": 0,
            "failures": 0,
            "name": "project2-foo",
            "skipped": 0,
            "tests": 1,
            "time": 0.073,
            "timestamp": "2018-02-10T14:52:31",
          },
        },
        Object {
          "testcase": Array [
            Object {
              "_attr": Object {
                "classname": "another thing should foo",
                "name": "project2-foo",
                "time": 0.001,
              },
            },
          ],
        },
      ],
    },
  ],
}
`;
